  Γû▓ Next.js 14.2.35

   Creating an optimized production build ...
 Γ£ô Compiled successfully
   Linting and checking validity of types ...
node.exe : 
At line:1 char:1
+ & "C:\Program 
Files\nodejs/node.exe" 
"C:\Users\Admin\AppData
\Roaming\ ...
+ ~~~~~~~~~~~~~~~~~~~~~
~~~~~~~~~~~~~~~~~~~~~~~
~~~~~~~~~~~~~~~~~~~~~~~
~~
    + CategoryInfo     
         : NotSpecifi  
  ed: (:String) [],    
 RemoteException
    + FullyQualifiedEr 
   rorId : NativeComm  
  andError
 
Failed to compile.

./src/app/dashboard/buy
er/audit-log/page.tsx
32:17  Error: 
Unexpected any. 
Specify a different 
type.  @typescript-esli
nt/no-explicit-any

./src/app/dashboard/buy
er/contacts/page.tsx
9:17  Error: 
Unexpected any. 
Specify a different 
type.  @typescript-esli
nt/no-explicit-any
11:13  Error: 
Unexpected any. 
Specify a different 
type.  @typescript-esli
nt/no-explicit-any

./src/app/dashboard/buy
er/new-transaction/page
.tsx
61:70  Error: `'` can 
be escaped with 
`&apos;`, `&lsquo;`, 
`&#39;`, `&rsquo;`.  re
act/no-unescaped-entiti
es

./src/app/dashboard/buy
er/page.tsx
10:3  Error: 
'TrendingUp' is 
defined but never 
used.  @typescript-esli
nt/no-unused-vars
23:24  Error: 
Unexpected any. 
Specify a different 
type.  @typescript-esli
nt/no-explicit-any

./src/app/dashboard/buy
er/transactions/page.ts
x
7:13  Error: 
Unexpected any. 
Specify a different 
type.  @typescript-esli
nt/no-explicit-any

./src/app/dashboard/sel
ler/audit-log/page.tsx
32:17  Error: 
Unexpected any. 
Specify a different 
type.  @typescript-esli
nt/no-explicit-any

./src/app/dashboard/sel
ler/contacts/page.tsx
9:17  Error: 
Unexpected any. 
Specify a different 
type.  @typescript-esli
nt/no-explicit-any

./src/app/dashboard/sel
ler/page.tsx
10:3  Error: 
'TrendingUp' is 
defined but never 
used.  @typescript-esli
nt/no-unused-vars
23:15  Error: 
Unexpected any. 
Specify a different 
type.  @typescript-esli
nt/no-explicit-any

./src/app/dashboard/sel
ler/transactions/page.t
sx
7:13  Error: 
Unexpected any. 
Specify a different 
type.  @typescript-esli
nt/no-explicit-any

./src/components/contac
t-seller-dialog.tsx
40:31  Error: React 
Hook "useState" is 
called conditionally. 
React Hooks must be 
called in the exact 
same order in every 
component render.  reac
t-hooks/rules-of-hooks

./src/components/dashbo
ard-shell.tsx
17:11  Error: 
'UserIcon' is defined 
but never used.  @types
cript-eslint/no-unused-
vars

./src/components/escrow
/EscrowWizard.tsx
62:10  Error: 
'selectedSeller' is 
assigned a value but 
never used.  @typescrip
t-eslint/no-unused-vars
63:10  Error: 'tokens' 
is assigned a value 
but never used.  @types
cript-eslint/no-unused-
vars

./src/components/escrow
/SellerApprovalPanel.ts
x
74:63  Error: `'` can 
be escaped with 
`&apos;`, `&lsquo;`, 
`&#39;`, `&rsquo;`.  re
act/no-unescaped-entiti
es

./src/components/escrow
/TokenGenerator.tsx
5:21  Error: 
'CheckCircle' is 
defined but never 
used.  @typescript-esli
nt/no-unused-vars

info  - Need to 
disable some ESLint 
rules? Learn more 
here: https://nextjs.or
g/docs/basic-features/e
slint#disabling-rules
